export const snapshot = {};

snapshot[`Project View Command - Help Text 1`] = `
stdout:
"
Usage: view <projectId>

Description:

  View project details

Options:

  -h, --help            - Show this help.                                  
  -w, --web             - Open in web browser                              
  -a, --app             - Open in Linear.app                               
  --human               - Output in human-readable format (default: JSON)  
  --format    <format>  - Output format: text|json                         

"
stderr:
""
`;

snapshot[`Project View Command - With Project Details 1`] = `
stdout:
\`{
  "project": {
    "id": "project-123",
    "name": "Authentication System Redesign",
    "slugId": "auth-redesign-2024",
    "description": "Complete overhaul of the authentication system to improve security and user experience.\\\\n\\\\n## Goals\\\\n- Implement OAuth 2.0 / OpenID Connect\\\\n- Add multi-factor authentication\\\\n- Improve password reset flow\\\\n- Add social login options\\\\n\\\\n## Technical Requirements\\\\n- JWT tokens with proper rotation\\\\n- Rate limiting on auth endpoints\\\\n- Audit logging for security events\\\\n- GDPR compliance for user data",
    "url": "https://linear.app/acme/project/auth-redesign-2024",
    "icon": "🔐",
    "color": "#3b82f6",
    "status": {
      "id": "status-started",
      "name": "In Progress",
      "color": "#f59e0b"
    },
    "creator": {
      "name": "john.admin",
      "displayName": "John Admin"
    },
    "lead": {
      "name": "jane.lead",
      "displayName": "Jane Lead"
    },
    "priority": 2,
    "health": "onTrack",
    "startDate": "2024-01-15",
    "targetDate": "2024-04-30",
    "startedAt": "2024-01-16T09:00:00Z",
    "completedAt": null,
    "canceledAt": null,
    "createdAt": "2024-01-10T10:00:00Z",
    "updatedAt": "2024-01-25T14:30:00Z",
    "teams": [
      {
        "id": "team-1",
        "key": "BACKEND",
        "name": "Backend Team"
      },
      {
        "id": "team-2",
        "key": "SECURITY",
        "name": "Security Team"
      }
    ],
    "issuesSummary": {
      "total": 4,
      "byState": {
        "started": 1,
        "unstarted": 1,
        "completed": 1,
        "canceled": 1
      }
    },
    "lastUpdate": {
      "id": "update-1",
      "health": "onTrack",
      "bodyPreview": "Great progress this week! The OAuth implementation is nearly complete and we're on track for our Q1 delivery. The team has been collaborating well across backend and security concerns.\\\\n\\\\n**This week's ",
      "createdAt": "2024-01-22T16:00:00Z",
      "author": {
        "name": "jane.lead",
        "displayName": "Jane Lead"
      }
    }
  }
}
\`
stderr:
""
`;

snapshot[`Project View Command - Minimal Project 1`] = `
stdout:
'{
  "project": {
    "id": "minimal-project",
    "name": "Simple Project",
    "slugId": "simple",
    "description": "",
    "url": "https://linear.app/acme/project/simple",
    "icon": null,
    "color": "#64748b",
    "status": {
      "id": "status-backlog",
      "name": "Backlog",
      "color": "#94a3b8"
    },
    "creator": null,
    "lead": null,
    "priority": 0,
    "health": null,
    "startDate": null,
    "targetDate": null,
    "startedAt": null,
    "completedAt": null,
    "canceledAt": null,
    "createdAt": "2024-01-20T12:00:00Z",
    "updatedAt": "2024-01-20T12:00:00Z",
    "teams": [],
    "issuesSummary": {
      "total": 0,
      "byState": {}
    },
    "lastUpdate": null
  }
}
'
stderr:
""
`;
